
> space-typing-adventure@0.0.0 test
> jest

